
===========================================================================
report_checks -path_delay min (Hold)
============================================================================
Startpoint: reset (input port clocked by clk)
Endpoint: _6_ (rising edge-triggered flip-flop clocked by clk)
Path Group: clk
Path Type: min

Fanout     Cap    Slew   Delay    Time   Description
-----------------------------------------------------------------------------
                          0.00    0.00   clock clk (rise edge)
                          0.00    0.00   clock network delay (propagated)
                          2.00    2.00 ^ input external delay
                  0.04    0.02    2.02 ^ reset (in)
     1    0.01                           reset (net)
                  0.04    0.00    2.02 ^ input2/A (sky130_fd_sc_hd__buf_6)
                  0.16    0.16    2.19 ^ input2/X (sky130_fd_sc_hd__buf_6)
    11    0.08                           net2 (net)
                  0.16    0.02    2.21 ^ _3_/A_N (sky130_fd_sc_hd__and3b_1)
                  0.04    0.19    2.40 v _3_/X (sky130_fd_sc_hd__and3b_1)
     1    0.00                           _1_ (net)
                  0.04    0.00    2.40 v _4_/C (sky130_fd_sc_hd__and3_4)
                  0.08    0.21    2.61 v _4_/X (sky130_fd_sc_hd__and3_4)
     1    0.04                           _2_ (net)
                  0.08    0.01    2.62 v _5_/A (sky130_fd_sc_hd__clkbuf_2)
                  0.07    0.15    2.76 v _5_/X (sky130_fd_sc_hd__clkbuf_2)
     1    0.02                           _0_ (net)
                  0.07    0.00    2.76 v _6_/D (sky130_fd_sc_hd__dfxtp_2)
                                  2.76   data arrival time

                          0.00    0.00   clock clk (rise edge)
                          0.00    0.00   clock source latency
                  0.36    0.27    0.27 ^ clk (in)
     7    0.08                           clk (net)
                  0.36    0.00    0.27 ^ _6_/CLK (sky130_fd_sc_hd__dfxtp_2)
                          0.25    0.52   clock uncertainty
                          0.00    0.52   clock reconvergence pessimism
                          0.01    0.53   library hold time
                                  0.53   data required time
-----------------------------------------------------------------------------
                                  0.53   data required time
                                 -2.76   data arrival time
-----------------------------------------------------------------------------
                                  2.23   slack (MET)


Startpoint: _6_ (rising edge-triggered flip-flop clocked by clk)
Endpoint: out2 (output port clocked by clk)
Path Group: clk
Path Type: min

Fanout     Cap    Slew   Delay    Time   Description
-----------------------------------------------------------------------------
                          0.00    0.00   clock clk (rise edge)
                          0.00    0.00   clock source latency
                  0.36    0.24    0.24 ^ clk (in)
     7    0.08                           clk (net)
                  0.36    0.00    0.24 ^ _6_/CLK (sky130_fd_sc_hd__dfxtp_2)
                  0.10    0.44    0.68 v _6_/Q (sky130_fd_sc_hd__dfxtp_2)
     2    0.04                           net7 (net)
                  0.10    0.01    0.69 v output7/A (sky130_fd_sc_hd__buf_2)
                  0.09    0.20    0.89 v output7/X (sky130_fd_sc_hd__buf_2)
     1    0.03                           out2 (net)
                  0.09    0.00    0.89 v out2 (out)
                                  0.89   data arrival time

                          0.00    0.00   clock clk (rise edge)
                          0.00    0.00   clock network delay (propagated)
                          0.25    0.25   clock uncertainty
                          0.00    0.25   clock reconvergence pessimism
                         -2.00   -1.75   output external delay
                                 -1.75   data required time
-----------------------------------------------------------------------------
                                 -1.75   data required time
                                 -0.89   data arrival time
-----------------------------------------------------------------------------
                                  2.64   slack (MET)


