
===========================================================================
report_checks -path_delay max (Setup)
============================================================================
Startpoint: enable (input port clocked by clk)
Endpoint: _23_ (rising edge-triggered flip-flop clocked by clk)
Path Group: clk
Path Type: max

Fanout     Cap    Slew   Delay    Time   Description
-----------------------------------------------------------------------------
                  0.15    0.00    0.00   clock clk (rise edge)
                          0.00    0.00   clock network delay (ideal)
                          2.00    2.00 ^ input external delay
                  0.08    0.05    2.05 ^ enable (in)
     5    0.02                           enable (net)
                  0.08    0.00    2.05 ^ _15_/A (sky130_fd_sc_hd__and4_2)
                  0.10    0.26    2.32 ^ _15_/X (sky130_fd_sc_hd__and4_2)
     3    0.01                           _07_ (net)
                  0.10    0.01    2.32 ^ _18_/A2 (sky130_fd_sc_hd__a21oi_2)
                  0.05    0.06    2.38 v _18_/Y (sky130_fd_sc_hd__a21oi_2)
     1    0.00                           _09_ (net)
                  0.06    0.00    2.39 v _19_/B1 (sky130_fd_sc_hd__o21a_2)
                  0.03    0.12    2.50 v _19_/X (sky130_fd_sc_hd__o21a_2)
     1    0.00                           _03_ (net)
                  0.03    0.00    2.51 v _23_/D (sky130_fd_sc_hd__dfxtp_2)
                                  2.51   data arrival time

                  0.15   10.00   10.00   clock clk (rise edge)
                          0.00   10.00   clock network delay (ideal)
                         -0.25    9.75   clock uncertainty
                          0.00    9.75   clock reconvergence pessimism
                                  9.75 ^ _23_/CLK (sky130_fd_sc_hd__dfxtp_2)
                         -0.08    9.67   library setup time
                                  9.67   data required time
-----------------------------------------------------------------------------
                                  9.67   data required time
                                 -2.51   data arrival time
-----------------------------------------------------------------------------
                                  7.16   slack (MET)


Startpoint: enable (input port clocked by clk)
Endpoint: _22_ (rising edge-triggered flip-flop clocked by clk)
Path Group: clk
Path Type: max

Fanout     Cap    Slew   Delay    Time   Description
-----------------------------------------------------------------------------
                  0.15    0.00    0.00   clock clk (rise edge)
                          0.00    0.00   clock network delay (ideal)
                          2.00    2.00 ^ input external delay
                  0.08    0.05    2.05 ^ enable (in)
     5    0.02                           enable (net)
                  0.08    0.00    2.05 ^ _15_/A (sky130_fd_sc_hd__and4_2)
                  0.10    0.26    2.32 ^ _15_/X (sky130_fd_sc_hd__and4_2)
     3    0.01                           _07_ (net)
                  0.10    0.01    2.32 ^ _16_/B (sky130_fd_sc_hd__nor2_2)
                  0.03    0.04    2.36 v _16_/Y (sky130_fd_sc_hd__nor2_2)
     1    0.00                           _08_ (net)
                  0.03    0.00    2.36 v _17_/B1 (sky130_fd_sc_hd__o21a_2)
                  0.03    0.10    2.47 v _17_/X (sky130_fd_sc_hd__o21a_2)
     1    0.00                           _02_ (net)
                  0.03    0.00    2.47 v _22_/D (sky130_fd_sc_hd__dfxtp_2)
                                  2.47   data arrival time

                  0.15   10.00   10.00   clock clk (rise edge)
                          0.00   10.00   clock network delay (ideal)
                         -0.25    9.75   clock uncertainty
                          0.00    9.75   clock reconvergence pessimism
                                  9.75 ^ _22_/CLK (sky130_fd_sc_hd__dfxtp_2)
                         -0.08    9.67   library setup time
                                  9.67   data required time
-----------------------------------------------------------------------------
                                  9.67   data required time
                                 -2.47   data arrival time
-----------------------------------------------------------------------------
                                  7.19   slack (MET)


Startpoint: _20_ (rising edge-triggered flip-flop clocked by clk)
Endpoint: out[0] (output port clocked by clk)
Path Group: clk
Path Type: max

Fanout     Cap    Slew   Delay    Time   Description
-----------------------------------------------------------------------------
                  0.15    0.00    0.00   clock clk (rise edge)
                          0.00    0.00   clock network delay (ideal)
                  0.15    0.00    0.00 ^ _20_/CLK (sky130_fd_sc_hd__dfxtp_2)
                  0.26    0.52    0.52 ^ _20_/Q (sky130_fd_sc_hd__dfxtp_2)
     6    0.05                           out[0] (net)
                  0.26    0.00    0.52 ^ out[0] (out)
                                  0.52   data arrival time

                  0.15   10.00   10.00   clock clk (rise edge)
                          0.00   10.00   clock network delay (ideal)
                         -0.25    9.75   clock uncertainty
                          0.00    9.75   clock reconvergence pessimism
                         -2.00    7.75   output external delay
                                  7.75   data required time
-----------------------------------------------------------------------------
                                  7.75   data required time
                                 -0.52   data arrival time
-----------------------------------------------------------------------------
                                  7.23   slack (MET)


Startpoint: _21_ (rising edge-triggered flip-flop clocked by clk)
Endpoint: out[1] (output port clocked by clk)
Path Group: clk
Path Type: max

Fanout     Cap    Slew   Delay    Time   Description
-----------------------------------------------------------------------------
                  0.15    0.00    0.00   clock clk (rise edge)
                          0.00    0.00   clock network delay (ideal)
                  0.15    0.00    0.00 ^ _21_/CLK (sky130_fd_sc_hd__dfxtp_2)
                  0.22    0.48    0.48 ^ _21_/Q (sky130_fd_sc_hd__dfxtp_2)
     4    0.04                           out[1] (net)
                  0.22    0.00    0.48 ^ out[1] (out)
                                  0.48   data arrival time

                  0.15   10.00   10.00   clock clk (rise edge)
                          0.00   10.00   clock network delay (ideal)
                         -0.25    9.75   clock uncertainty
                          0.00    9.75   clock reconvergence pessimism
                         -2.00    7.75   output external delay
                                  7.75   data required time
-----------------------------------------------------------------------------
                                  7.75   data required time
                                 -0.48   data arrival time
-----------------------------------------------------------------------------
                                  7.27   slack (MET)


Startpoint: _23_ (rising edge-triggered flip-flop clocked by clk)
Endpoint: out[3] (output port clocked by clk)
Path Group: clk
Path Type: max

Fanout     Cap    Slew   Delay    Time   Description
-----------------------------------------------------------------------------
                  0.15    0.00    0.00   clock clk (rise edge)
                          0.00    0.00   clock network delay (ideal)
                  0.15    0.00    0.00 ^ _23_/CLK (sky130_fd_sc_hd__dfxtp_2)
                  0.21    0.47    0.47 ^ _23_/Q (sky130_fd_sc_hd__dfxtp_2)
     3    0.04                           out[3] (net)
                  0.21    0.00    0.47 ^ out[3] (out)
                                  0.47   data arrival time

                  0.15   10.00   10.00   clock clk (rise edge)
                          0.00   10.00   clock network delay (ideal)
                         -0.25    9.75   clock uncertainty
                          0.00    9.75   clock reconvergence pessimism
                         -2.00    7.75   output external delay
                                  7.75   data required time
-----------------------------------------------------------------------------
                                  7.75   data required time
                                 -0.47   data arrival time
-----------------------------------------------------------------------------
                                  7.28   slack (MET)


