
===========================================================================
 report_power
============================================================================


======================= Slowest Corner =================================

Group                  Internal  Switching    Leakage      Total
                          Power      Power      Power      Power (Watts)
----------------------------------------------------------------
Sequential             1.38e-05   1.67e-06   6.01e-08   1.56e-05  21.3%
Combinational          4.36e-05   1.37e-05   1.27e-07   5.74e-05  78.7%
Macro                  0.00e+00   0.00e+00   0.00e+00   0.00e+00   0.0%
Pad                    0.00e+00   0.00e+00   0.00e+00   0.00e+00   0.0%
----------------------------------------------------------------
Total                  5.74e-05   1.53e-05   1.87e-07   7.30e-05 100.0%
                          78.7%      21.0%       0.3%

======================= Typical Corner ===================================

Group                  Internal  Switching    Leakage      Total
                          Power      Power      Power      Power (Watts)
----------------------------------------------------------------
Sequential             1.76e-05   2.13e-06   3.38e-11   1.97e-05  21.7%
Combinational          5.36e-05   1.75e-05   9.21e-10   7.12e-05  78.3%
Macro                  0.00e+00   0.00e+00   0.00e+00   0.00e+00   0.0%
Pad                    0.00e+00   0.00e+00   0.00e+00   0.00e+00   0.0%
----------------------------------------------------------------
Total                  7.12e-05   1.97e-05   9.55e-10   9.09e-05 100.0%
                          78.4%      21.6%       0.0%


======================= Fastest Corner =================================

Group                  Internal  Switching    Leakage      Total
                          Power      Power      Power      Power (Watts)
----------------------------------------------------------------
Sequential             2.04e-05   2.52e-06   6.43e-11   2.29e-05  21.8%
Combinational          6.15e-05   2.08e-05   1.16e-09   8.23e-05  78.2%
Macro                  0.00e+00   0.00e+00   0.00e+00   0.00e+00   0.0%
Pad                    0.00e+00   0.00e+00   0.00e+00   0.00e+00   0.0%
----------------------------------------------------------------
Total                  8.19e-05   2.33e-05   1.22e-09   1.05e-04 100.0%
                          77.9%      22.1%       0.0%
