Warning - class CORE ANTENNACELL is not found. This message can be ignored if not in the antenna-avoid flow

Net - clk
  clkbuf_0_clk  (sky130_fd_sc_hd__clkbuf_16)  A
[1]  met2:
  PAR:   34.10  Ratio:    0.00       (Area)
  PAR:  170.72  Ratio:  400.00       (S.Area)
  CAR:   34.14  Ratio:    0.00       (C.Area)
  CAR:  170.85  Ratio:    0.00       (C.S.Area)

[1]  met1:
  PAR:    0.02  Ratio:    0.00       (Area)
  PAR:    0.12  Ratio:  400.00       (S.Area)
  CAR:    0.04  Ratio:    0.00       (C.Area)
  CAR:    0.13  Ratio:    0.00       (C.S.Area)

[1]  li1:
  PAR:    0.02  Ratio:    0.00       (Area)
  PAR:    0.02  Ratio:   75.00       (S.Area)
  CAR:    0.02  Ratio:    0.00       (C.Area)
  CAR:    0.02  Ratio:    0.00       (C.S.Area)

[1]  M1M2_PR:
  PAR:    0.03  Ratio:    6.00       (Area)
  CAR:    0.06  Ratio:    0.00       (C.Area)

[1]  L1M1_PR_MR:
  PAR:    0.03  Ratio:    3.00       (Area)
  CAR:    0.03  Ratio:    0.00       (C.Area)


Net - enable
  input1  (sky130_fd_sc_hd__buf_2)  A
[1]  met2:
  PAR:    7.46  Ratio:    0.00       (Area)
  PAR:   37.91  Ratio:  400.00       (S.Area)
  CAR:    8.08  Ratio:    0.00       (C.Area)
  CAR:   41.27  Ratio:    0.00       (C.S.Area)

[1]  met1:
  PAR:    0.53  Ratio:    0.00       (Area)
  PAR:    3.26  Ratio:  400.00       (S.Area)
  CAR:    0.62  Ratio:    0.00       (C.Area)
  CAR:    3.36  Ratio:    0.00       (C.S.Area)

[1]  li1:
  PAR:    0.09  Ratio:    0.00       (Area)
  PAR:    0.11  Ratio:   75.00       (S.Area)
  CAR:    0.09  Ratio:    0.00       (C.Area)
  CAR:    0.11  Ratio:    0.00       (C.S.Area)

[1]  M1M2_PR:
  PAR:    0.14  Ratio:    6.00       (Area)
  CAR:    0.32  Ratio:    0.00       (C.Area)

[1]  L1M1_PR_MR:
  PAR:    0.18  Ratio:    3.00       (Area)
  CAR:    0.18  Ratio:    0.00       (C.Area)

  No sinks on this net
  No sinks on this net
  No sinks on this net
  No sinks on this net
  No sinks on this net

Net - reset
  input2  (sky130_fd_sc_hd__clkbuf_4)  A
[1]  met2:
  PAR:    5.34  Ratio:    0.00       (Area)
  PAR:   27.18  Ratio:  400.00       (S.Area)
  CAR:    6.11  Ratio:    0.00       (C.Area)
  CAR:   31.20  Ratio:    0.00       (C.S.Area)

[1]  met1:
  PAR:    0.70  Ratio:    0.00       (Area)
  PAR:    3.94  Ratio:  400.00       (S.Area)
  CAR:    0.76  Ratio:    0.00       (C.Area)
  CAR:    4.02  Ratio:    0.00       (C.S.Area)

[1]  li1:
  PAR:    0.07  Ratio:    0.00       (Area)
  PAR:    0.08  Ratio:   75.00       (S.Area)
  CAR:    0.07  Ratio:    0.00       (C.Area)
  CAR:    0.08  Ratio:    0.00       (C.S.Area)

[1]  M1M2_PR:
  PAR:    0.11  Ratio:    6.00       (Area)
  CAR:    0.24  Ratio:    0.00       (C.Area)

[1]  L1M1_PR_MR:
  PAR:    0.14  Ratio:    3.00       (Area)
  CAR:    0.14  Ratio:    0.00       (C.Area)


Net - _0_
  _6_  (sky130_fd_sc_hd__dfxtp_2)  D
[1]  met2:
  PAR:   38.28  Ratio:    0.00       (Area)
  PAR:  191.75  Ratio: 2736.24       (S.Area)
  CAR:   44.51  Ratio:    0.00       (C.Area)
  CAR:  223.24  Ratio:    0.00       (C.S.Area)

[1]  met1:
  PAR:    6.12  Ratio:    0.00       (Area)
  PAR:   31.36  Ratio:  400.00       (S.Area)
  CAR:    6.23  Ratio:    0.00       (C.Area)
  CAR:   31.50  Ratio:    0.00       (C.S.Area)

[1]  li1:
  PAR:    0.11  Ratio:    0.00       (Area)
  PAR:    0.13  Ratio:   75.00       (S.Area)
  CAR:    0.11  Ratio:    0.00       (C.Area)
  CAR:    0.13  Ratio:    0.00       (C.S.Area)

[1]  M1M2_PR:
  PAR:    0.18  Ratio:    6.00       (Area)
  CAR:    0.41  Ratio:    0.00       (C.Area)

[1]  L1M1_PR_MR:
  PAR:    0.23  Ratio:    3.00       (Area)
  CAR:    0.23  Ratio:    0.00       (C.Area)


Net - _1_
  _4_  (sky130_fd_sc_hd__and3_4)  C
[1]  met2:
  PAR:   18.14  Ratio:    0.00       (Area)
  PAR:   90.88  Ratio: 2945.48       (S.Area)
  CAR:  102.33  Ratio:    0.00       (C.Area)
  CAR:  512.37  Ratio:    0.00       (C.S.Area)

[1]  met1:
  PAR:   84.12  Ratio:    0.00       (Area)
  PAR:  421.41  Ratio: 2773.88       (S.Area)
  CAR:   84.18  Ratio:    0.00       (C.Area)
  CAR:  421.48  Ratio:    0.00       (C.S.Area)

[1]  li1:
  PAR:    0.06  Ratio:    0.00       (Area)
  PAR:    0.07  Ratio:   75.00       (S.Area)
  CAR:    0.06  Ratio:    0.00       (C.Area)
  CAR:    0.07  Ratio:    0.00       (C.S.Area)

[1]  M1M2_PR:
  PAR:    0.09  Ratio:    6.00       (Area)
  CAR:    0.21  Ratio:    0.00       (C.Area)

[1]  L1M1_PR_MR:
  PAR:    0.12  Ratio:    3.00       (Area)
  CAR:    0.12  Ratio:    0.00       (C.Area)


Net - _2_
  _5_  (sky130_fd_sc_hd__clkbuf_1)  A
[1]  met2:
  PAR:  190.48  Ratio:    0.00       (Area)
  PAR:  952.62  Ratio: 2969.60       (S.Area)
  CAR:  190.65  Ratio:    0.00       (C.Area)
  CAR:  953.21  Ratio:    0.00       (C.S.Area)

[1]  met1:
  PAR:    0.10  Ratio:    0.00       (Area)
  PAR:    0.50  Ratio:  400.00       (S.Area)
  CAR:    0.17  Ratio:    0.00       (C.Area)
  CAR:    0.59  Ratio:    0.00       (C.S.Area)

[1]  li1:
  PAR:    0.07  Ratio:    0.00       (Area)
  PAR:    0.09  Ratio:   75.00       (S.Area)
  CAR:    0.07  Ratio:    0.00       (C.Area)
  CAR:    0.09  Ratio:    0.00       (C.S.Area)

[1]  M1M2_PR:
  PAR:    0.11  Ratio:    6.00       (Area)
  CAR:    0.26  Ratio:    0.00       (C.Area)

[1]  L1M1_PR_MR:
  PAR:    0.15  Ratio:    3.00       (Area)
  CAR:    0.15  Ratio:    0.00       (C.Area)


Net - clknet_0_clk
  clkbuf_1_1__f_clk  (sky130_fd_sc_hd__clkbuf_16)  A
[1]  met2:
  PAR:    3.31  Ratio:    0.00       (Area)
  PAR:   16.64  Ratio: 3872.32       (S.Area)
  CAR:    9.55  Ratio:    0.00       (C.Area)
  CAR:   47.88  Ratio:    0.00       (C.S.Area)

[1]  met1:
  PAR:    6.22  Ratio:    0.00       (Area)
  PAR:   31.22  Ratio:  400.00       (S.Area)
  CAR:    6.24  Ratio:    0.00       (C.Area)
  CAR:   31.24  Ratio:    0.00       (C.S.Area)

[1]  li1:
  PAR:    0.02  Ratio:    0.00       (Area)
  PAR:    0.02  Ratio:   75.00       (S.Area)
  CAR:    0.02  Ratio:    0.00       (C.Area)
  CAR:    0.02  Ratio:    0.00       (C.S.Area)

[1]  M1M2_PR:
  PAR:    0.03  Ratio:    6.00       (Area)
  CAR:    0.06  Ratio:    0.00       (C.Area)

[1]  L1M1_PR_MR:
  PAR:    0.03  Ratio:    3.00       (Area)
  CAR:    0.03  Ratio:    0.00       (C.Area)

  clkbuf_1_0__f_clk  (sky130_fd_sc_hd__clkbuf_16)  A
[1]  met2:
  PAR:    3.31  Ratio:    0.00       (Area)
  PAR:   16.64  Ratio: 3872.32       (S.Area)
  CAR:   19.07  Ratio:    0.00       (C.Area)
  CAR:   95.50  Ratio:    0.00       (C.S.Area)

[1]  met1:
  PAR:   15.75  Ratio:    0.00       (Area)
  PAR:   78.84  Ratio:  400.00       (S.Area)
  CAR:   15.76  Ratio:    0.00       (C.Area)
  CAR:   78.86  Ratio:    0.00       (C.S.Area)

[1]  li1:
  PAR:    0.02  Ratio:    0.00       (Area)
  PAR:    0.02  Ratio:   75.00       (S.Area)
  CAR:    0.02  Ratio:    0.00       (C.Area)
  CAR:    0.02  Ratio:    0.00       (C.S.Area)

[1]  M1M2_PR:
  PAR:    0.03  Ratio:    6.00       (Area)
  CAR:    0.06  Ratio:    0.00       (C.Area)

[1]  L1M1_PR_MR:
  PAR:    0.03  Ratio:    3.00       (Area)
  CAR:    0.03  Ratio:    0.00       (C.Area)


Net - clknet_1_0__leaf_clk
  _6_  (sky130_fd_sc_hd__dfxtp_2)  CLK
[1]  met2:
  PAR:  148.62  Ratio:    0.00       (Area)
  PAR:  744.62  Ratio: 3872.32       (S.Area)
  CAR:  210.00  Ratio:    0.00       (C.Area)
  CAR: 1051.75  Ratio:    0.00       (C.S.Area)

[1]  met3:
  PAR:   14.44  Ratio:    0.00       (Area)
  PAR:   79.47  Ratio: 3872.32       (S.Area)
  CAR:  224.44  Ratio:    0.00       (C.Area)
  CAR: 1131.22  Ratio:    0.00       (C.S.Area)

[1]  met1:
  PAR:   61.28  Ratio:    0.00       (Area)
  PAR:  307.03  Ratio:  400.00       (S.Area)
  CAR:   61.37  Ratio:    0.00       (C.Area)
  CAR:  307.14  Ratio:    0.00       (C.S.Area)

[1]  li1:
  PAR:    0.09  Ratio:    0.00       (Area)
  PAR:    0.11  Ratio:   75.00       (S.Area)
  CAR:    0.09  Ratio:    0.00       (C.Area)
  CAR:    0.11  Ratio:    0.00       (C.S.Area)

[1]  M2M3_PR:
  PAR:    0.25  Ratio:    6.00       (Area)
  CAR:    0.57  Ratio:    0.00       (C.Area)

[1]  M1M2_PR:
  PAR:    0.14  Ratio:    6.00       (Area)
  CAR:    0.32  Ratio:    0.00       (C.Area)

[1]  L1M1_PR_MR:
  PAR:    0.18  Ratio:    3.00       (Area)
  CAR:    0.18  Ratio:    0.00       (C.Area)

  No sinks on this net
  No sinks on this net

Net - net2
  _3_  (sky130_fd_sc_hd__and3b_1)  A_N
[1]  met2:
  PAR:  127.18  Ratio:    0.00       (Area)
  PAR:  637.80  Ratio: 4135.24       (S.Area)
  CAR:  213.75  Ratio:    0.00       (C.Area)
  CAR: 1077.21  Ratio:    0.00       (C.S.Area)

[1]  met1:
  PAR:   86.46  Ratio:    0.00       (Area)
  PAR:  439.28  Ratio: 3121.64       (S.Area)
  CAR:   86.57  Ratio:    0.00       (C.Area)
  CAR:  439.41  Ratio:    0.00       (C.S.Area)

[1]  met3:
  PAR:   41.72  Ratio:    0.00       (Area)
  PAR:  229.32  Ratio: 4135.24       (S.Area)
  CAR:  255.47  Ratio:    0.00       (C.Area)
  CAR: 1306.53  Ratio:    0.00       (C.S.Area)

[1]  met4:
  PAR:    2.55  Ratio:    0.00       (Area)
  PAR:   12.81  Ratio: 4135.24       (S.Area)
  CAR:  258.03  Ratio:    0.00       (C.Area)
  CAR: 1319.34  Ratio:    0.00       (C.S.Area)

[1]  met5:
  PAR: 2359.89  Ratio:    0.00       (Area)
  PAR: 3581.21  Ratio: 4483.00       (S.Area)
  CAR: 2617.92  Ratio:    0.00       (C.Area)
  CAR: 4900.55  Ratio:    0.00       (C.S.Area)

[1]  li1:
  PAR:    0.11  Ratio:    0.00       (Area)
  PAR:    0.13  Ratio:   75.00       (S.Area)
  CAR:    0.11  Ratio:    0.00       (C.Area)
  CAR:    0.13  Ratio:    0.00       (C.S.Area)

[1]  M2M3_PR:
  PAR:    0.32  Ratio:    6.00       (Area)
  CAR:    0.90  Ratio:    0.00       (C.Area)

[1]  M1M2_PR:
  PAR:    0.36  Ratio:    6.00       (Area)
  CAR:    0.59  Ratio:    0.00       (C.Area)

[1]  M3M4_PR:
  PAR:    0.32  Ratio:    6.00       (Area)
  CAR:    1.22  Ratio:    0.00       (C.Area)

[1]  M4M5_PR:
  PAR:    5.08  Ratio:    6.00       (Area)
  CAR:    6.30  Ratio:    0.00       (C.Area)

[1]  L1M1_PR_MR:
  PAR:    0.23  Ratio:    3.00       (Area)
  CAR:    0.23  Ratio:    0.00       (C.Area)


Net - net3
  output3  (sky130_fd_sc_hd__buf_2)  A
[1]  met3:
  PAR:   21.67  Ratio:    0.00       (Area)
  PAR:  118.55  Ratio: 2947.76       (S.Area)
  CAR:  460.71  Ratio:    0.00       (C.Area)
  CAR: 2316.48  Ratio:    0.00       (C.S.Area)

[1]  met2:
  PAR:   85.95  Ratio:    0.00       (Area)
  PAR:  430.39  Ratio: 2947.76       (S.Area)
  CAR:  439.04  Ratio:    0.00       (C.Area)
  CAR: 2197.93  Ratio:    0.00       (C.S.Area)

[1]  met1:
  PAR:  352.99  Ratio:    0.00       (Area)
  PAR: 1767.43  Ratio: 2947.76       (S.Area)
  CAR:  353.08  Ratio:    0.00       (C.Area)
  CAR: 1767.54  Ratio:    0.00       (C.S.Area)

[1]  li1:
  PAR:    0.09  Ratio:    0.00       (Area)
  PAR:    0.11  Ratio:   75.00       (S.Area)
  CAR:    0.09  Ratio:    0.00       (C.Area)
  CAR:    0.11  Ratio:    0.00       (C.S.Area)

[1]  M2M3_PR:
  PAR:    0.25  Ratio:    6.00       (Area)
  CAR:    0.57  Ratio:    0.00       (C.Area)

[1]  M1M2_PR:
  PAR:    0.14  Ratio:    6.00       (Area)
  CAR:    0.32  Ratio:    0.00       (C.Area)

[1]  L1M1_PR_MR:
  PAR:    0.18  Ratio:    3.00       (Area)
  CAR:    0.18  Ratio:    0.00       (C.Area)


Net - net4
  output4  (sky130_fd_sc_hd__buf_2)  A
[1]  met2:
  PAR:  179.94  Ratio:    0.00       (Area)
  PAR:  901.55  Ratio: 2773.88       (S.Area)
  CAR:  182.37  Ratio:    0.00       (C.Area)
  CAR:  914.60  Ratio:    0.00       (C.S.Area)

[1]  met1:
  PAR:    2.34  Ratio:    0.00       (Area)
  PAR:   12.94  Ratio: 2773.88       (S.Area)
  CAR:    2.43  Ratio:    0.00       (C.Area)
  CAR:   13.05  Ratio:    0.00       (C.S.Area)

[1]  li1:
  PAR:    0.09  Ratio:    0.00       (Area)
  PAR:    0.11  Ratio:   75.00       (S.Area)
  CAR:    0.09  Ratio:    0.00       (C.Area)
  CAR:    0.11  Ratio:    0.00       (C.S.Area)

[1]  M1M2_PR:
  PAR:    0.14  Ratio:    6.00       (Area)
  CAR:    0.32  Ratio:    0.00       (C.Area)

[1]  L1M1_PR_MR:
  PAR:    0.18  Ratio:    3.00       (Area)
  CAR:    0.18  Ratio:    0.00       (C.Area)


Net - net5
  output5  (sky130_fd_sc_hd__buf_2)  A
[1]  met3:
  PAR:   28.80  Ratio:    0.00       (Area)
  PAR:  156.51  Ratio: 2773.88       (S.Area)
  CAR:  213.66  Ratio:    0.00       (C.Area)
  CAR: 1082.95  Ratio:    0.00       (C.S.Area)

[1]  met2:
  PAR:  183.44  Ratio:    0.00       (Area)
  PAR:  919.03  Ratio: 2773.88       (S.Area)
  CAR:  184.86  Ratio:    0.00       (C.Area)
  CAR:  926.44  Ratio:    0.00       (C.S.Area)

[1]  met1:
  PAR:    1.34  Ratio:    0.00       (Area)
  PAR:    7.31  Ratio:  400.00       (S.Area)
  CAR:    1.43  Ratio:    0.00       (C.Area)
  CAR:    7.42  Ratio:    0.00       (C.S.Area)

[1]  li1:
  PAR:    0.09  Ratio:    0.00       (Area)
  PAR:    0.11  Ratio:   75.00       (S.Area)
  CAR:    0.09  Ratio:    0.00       (C.Area)
  CAR:    0.11  Ratio:    0.00       (C.S.Area)

[1]  M2M3_PR:
  PAR:    0.25  Ratio:    6.00       (Area)
  CAR:    0.57  Ratio:    0.00       (C.Area)

[1]  M1M2_PR:
  PAR:    0.14  Ratio:    6.00       (Area)
  CAR:    0.32  Ratio:    0.00       (C.Area)

[1]  L1M1_PR_MR:
  PAR:    0.18  Ratio:    3.00       (Area)
  CAR:    0.18  Ratio:    0.00       (C.Area)


Net - net6
  output6  (sky130_fd_sc_hd__buf_2)  A
[1]  met2:
  PAR:  214.29  Ratio:    0.00       (Area)
  PAR: 1073.29  Ratio: 2947.76       (S.Area)
  CAR:  334.39  Ratio:    0.00       (C.Area)
  CAR: 1674.69  Ratio:    0.00       (C.S.Area)

[1]  met1:
  PAR:  120.01  Ratio:    0.00       (Area)
  PAR:  601.30  Ratio: 2773.88       (S.Area)
  CAR:  120.10  Ratio:    0.00       (C.Area)
  CAR:  601.40  Ratio:    0.00       (C.S.Area)

[1]  li1:
  PAR:    0.09  Ratio:    0.00       (Area)
  PAR:    0.11  Ratio:   75.00       (S.Area)
  CAR:    0.09  Ratio:    0.00       (C.Area)
  CAR:    0.11  Ratio:    0.00       (C.S.Area)

[1]  M1M2_PR:
  PAR:    0.14  Ratio:    6.00       (Area)
  CAR:    0.32  Ratio:    0.00       (C.Area)

[1]  L1M1_PR_MR:
  PAR:    0.18  Ratio:    3.00       (Area)
  CAR:    0.18  Ratio:    0.00       (C.Area)


Net - net7
  output7  (sky130_fd_sc_hd__buf_2)  A
[1]  met2:
  PAR:   99.49  Ratio:    0.00       (Area)
  PAR:  497.72  Ratio: 2952.08       (S.Area)
  CAR:  250.98  Ratio:    0.00       (C.Area)
  CAR: 1256.65  Ratio:    0.00       (C.S.Area)

[1]  met1:
  PAR:  151.39  Ratio:    0.00       (Area)
  PAR:  758.82  Ratio: 2773.88       (S.Area)
  CAR:  151.48  Ratio:    0.00       (C.Area)
  CAR:  758.92  Ratio:    0.00       (C.S.Area)

[1]  li1:
  PAR:    0.09  Ratio:    0.00       (Area)
  PAR:    0.11  Ratio:   75.00       (S.Area)
  CAR:    0.09  Ratio:    0.00       (C.Area)
  CAR:    0.11  Ratio:    0.00       (C.S.Area)

[1]  M1M2_PR:
  PAR:    0.14  Ratio:    6.00       (Area)
  CAR:    0.32  Ratio:    0.00       (C.Area)

[1]  L1M1_PR_MR:
  PAR:    0.18  Ratio:    3.00       (Area)
  CAR:    0.18  Ratio:    0.00       (C.Area)


Net - out_c2\[0\]
  _4_  (sky130_fd_sc_hd__and3_4)  B
[1]  met3:
  PAR:   18.38  Ratio:    0.00       (Area)
  PAR:   99.95  Ratio:  400.00       (S.Area)
  CAR:   61.24  Ratio:    0.00       (C.Area)
  CAR:  314.40  Ratio:    0.00       (C.S.Area)

[1]  met2:
  PAR:   42.72  Ratio:    0.00       (Area)
  PAR:  213.99  Ratio:  400.00       (S.Area)
  CAR:   42.86  Ratio:    0.00       (C.Area)
  CAR:  214.45  Ratio:    0.00       (C.S.Area)

[1]  met1:
  PAR:    0.08  Ratio:    0.00       (Area)
  PAR:    0.40  Ratio:  400.00       (S.Area)
  CAR:    0.14  Ratio:    0.00       (C.Area)
  CAR:    0.46  Ratio:    0.00       (C.S.Area)

[1]  li1:
  PAR:    0.06  Ratio:    0.00       (Area)
  PAR:    0.07  Ratio:   75.00       (S.Area)
  CAR:    0.06  Ratio:    0.00       (C.Area)
  CAR:    0.07  Ratio:    0.00       (C.S.Area)

[1]  M2M3_PR:
  PAR:    0.16  Ratio:    6.00       (Area)
  CAR:    0.37  Ratio:    0.00       (C.Area)

[1]  M1M2_PR:
  PAR:    0.09  Ratio:    6.00       (Area)
  CAR:    0.21  Ratio:    0.00       (C.Area)

[1]  L1M1_PR_MR:
  PAR:    0.12  Ratio:    3.00       (Area)
  CAR:    0.12  Ratio:    0.00       (C.Area)


Net - out_c2\[1\]
  _4_  (sky130_fd_sc_hd__and3_4)  A
[1]  met2:
  PAR:    1.99  Ratio:    0.00       (Area)
  PAR:   10.72  Ratio:  400.00       (S.Area)
  CAR:    8.89  Ratio:    0.00       (C.Area)
  CAR:   45.41  Ratio:    0.00       (C.S.Area)

[1]  met1:
  PAR:    6.84  Ratio:    0.00       (Area)
  PAR:   34.62  Ratio:  400.00       (S.Area)
  CAR:    6.90  Ratio:    0.00       (C.Area)
  CAR:   34.69  Ratio:    0.00       (C.S.Area)

[1]  li1:
  PAR:    0.06  Ratio:    0.00       (Area)
  PAR:    0.07  Ratio:   75.00       (S.Area)
  CAR:    0.06  Ratio:    0.00       (C.Area)
  CAR:    0.07  Ratio:    0.00       (C.S.Area)

[1]  M1M2_PR:
  PAR:    0.09  Ratio:    6.00       (Area)
  CAR:    0.21  Ratio:    0.00       (C.Area)

[1]  L1M1_PR_MR:
  PAR:    0.12  Ratio:    3.00       (Area)
  CAR:    0.12  Ratio:    0.00       (C.Area)


Net - out_c2\[2\]
  _3_  (sky130_fd_sc_hd__and3b_1)  B
[1]  met5:
  PAR: 1693.02  Ratio:    0.00       (Area)
  PAR: 2577.94  Ratio: 3121.64       (S.Area)
  CAR: 1722.98  Ratio:    0.00       (C.Area)
  CAR: 2739.88  Ratio:    0.00       (C.S.Area)

[1]  met4:
  PAR:    1.23  Ratio:    0.00       (Area)
  PAR:    6.49  Ratio: 2947.76       (S.Area)
  CAR:   29.96  Ratio:    0.00       (C.Area)
  CAR:  161.94  Ratio:    0.00       (C.S.Area)

[1]  met3:
  PAR:    9.08  Ratio:    0.00       (Area)
  PAR:   52.21  Ratio: 2947.76       (S.Area)
  CAR:   28.73  Ratio:    0.00       (C.Area)
  CAR:  155.45  Ratio:    0.00       (C.S.Area)

[1]  met2:
  PAR:    4.96  Ratio:    0.00       (Area)
  PAR:   25.56  Ratio: 2947.76       (S.Area)
  CAR:   19.65  Ratio:    0.00       (C.Area)
  CAR:  103.25  Ratio:    0.00       (C.S.Area)

[1]  met1:
  PAR:   14.58  Ratio:    0.00       (Area)
  PAR:   77.56  Ratio: 2947.76       (S.Area)
  CAR:   14.69  Ratio:    0.00       (C.Area)
  CAR:   77.69  Ratio:    0.00       (C.S.Area)

[1]  li1:
  PAR:    0.11  Ratio:    0.00       (Area)
  PAR:    0.13  Ratio:   75.00       (S.Area)
  CAR:    0.11  Ratio:    0.00       (C.Area)
  CAR:    0.13  Ratio:    0.00       (C.S.Area)

[1]  M4M5_PR:
  PAR:    5.08  Ratio:    6.00       (Area)
  CAR:    6.12  Ratio:    0.00       (C.Area)

[1]  M3M4_PR:
  PAR:    0.32  Ratio:    6.00       (Area)
  CAR:    1.04  Ratio:    0.00       (C.Area)

[1]  M2M3_PR:
  PAR:    0.32  Ratio:    6.00       (Area)
  CAR:    0.73  Ratio:    0.00       (C.Area)

[1]  M1M2_PR:
  PAR:    0.18  Ratio:    6.00       (Area)
  CAR:    0.41  Ratio:    0.00       (C.Area)

[1]  L1M1_PR_MR:
  PAR:    0.23  Ratio:    3.00       (Area)
  CAR:    0.23  Ratio:    0.00       (C.Area)


Net - out_c2\[3\]
  _3_  (sky130_fd_sc_hd__and3b_1)  C
[1]  met2:
  PAR:  179.94  Ratio:    0.00       (Area)
  PAR:  901.28  Ratio: 2947.76       (S.Area)
  CAR:  187.88  Ratio:    0.00       (C.Area)
  CAR:  941.30  Ratio:    0.00       (C.S.Area)

[1]  met1:
  PAR:    7.82  Ratio:    0.00       (Area)
  PAR:   39.89  Ratio: 2773.88       (S.Area)
  CAR:    7.94  Ratio:    0.00       (C.Area)
  CAR:   40.02  Ratio:    0.00       (C.S.Area)

[1]  li1:
  PAR:    0.11  Ratio:    0.00       (Area)
  PAR:    0.13  Ratio:   75.00       (S.Area)
  CAR:    0.11  Ratio:    0.00       (C.Area)
  CAR:    0.13  Ratio:    0.00       (C.S.Area)

[1]  M1M2_PR:
  PAR:    0.18  Ratio:    6.00       (Area)
  CAR:    0.41  Ratio:    0.00       (C.Area)

[1]  L1M1_PR_MR:
  PAR:    0.23  Ratio:    3.00       (Area)
  CAR:    0.23  Ratio:    0.00       (C.Area)

Number of pins violated: 0
Number of nets violated: 0
Total number of unspecial nets: 25
